### YamlMime:NetMember
type: property
members:
- returnsWithMoniker:
    type:
    - value: <xref href="Azure.ResourceManager.Compute.Models.ComputePrivateEndpointServiceConnectionStatus?alt=Azure.ResourceManager.Compute.Models.ComputePrivateEndpointServiceConnectionStatus&text=ComputePrivateEndpointServiceConnectionStatus" data-throw-if-not-resolved="True"/>
  type: property
  uid: Azure.ResourceManager.Compute.Models.ComputePrivateEndpointServiceConnectionStatus.Approved
  commentId: P:Azure.ResourceManager.Compute.Models.ComputePrivateEndpointServiceConnectionStatus.Approved
  name: Approved
  fullName: Azure.ResourceManager.Compute.Models.ComputePrivateEndpointServiceConnectionStatus.Approved
  nameWithType: ComputePrivateEndpointServiceConnectionStatus.Approved
  syntaxWithMoniker:
  - lang: csharp
    values:
    - value: public static Azure.ResourceManager.Compute.Models.ComputePrivateEndpointServiceConnectionStatus Approved { get; }
  - lang: fsharp
    values:
    - value: 'static member Approved : Azure.ResourceManager.Compute.Models.ComputePrivateEndpointServiceConnectionStatus'
  - lang: vb
    values:
    - value: Public Shared ReadOnly Property Approved As ComputePrivateEndpointServiceConnectionStatus
  monikers:
  - azure-dotnet
  - azure-dotnet-preview
  summary: Approved.
  metadata: {}
uid: Azure.ResourceManager.Compute.Models.ComputePrivateEndpointServiceConnectionStatus.Approved*
commentId: Overload:Azure.ResourceManager.Compute.Models.ComputePrivateEndpointServiceConnectionStatus.Approved
namespace: Azure.ResourceManager.Compute.Models
name: Approved
fullName: Azure.ResourceManager.Compute.Models.ComputePrivateEndpointServiceConnectionStatus.Approved
nameWithType: ComputePrivateEndpointServiceConnectionStatus.Approved
assembliesWithMoniker:
- value: Azure.ResourceManager.Compute.dll
packagesWithMoniker:
- value: Azure.ResourceManager.Compute v1.1.0
  monikers:
  - azure-dotnet
- value: Azure.ResourceManager.Compute v1.2.0-beta.1
  monikers:
  - azure-dotnet-preview
devLangs:
- csharp
- vb
- fsharp
monikers:
- azure-dotnet
- azure-dotnet-preview
metadata:
  api_name:
  - Azure.ResourceManager.Compute.Models.ComputePrivateEndpointServiceConnectionStatus.Approved
  - Azure.ResourceManager.Compute.Models.ComputePrivateEndpointServiceConnectionStatus.get_Approved
  api_location:
  - Azure.ResourceManager.Compute.dll
  topic_type:
  - apiref
  api_type:
  - Assembly
  f1_keywords:
  - Azure.ResourceManager.Compute.Models.ComputePrivateEndpointServiceConnectionStatus.Approved
  - Azure::ResourceManager::Compute::Models::ComputePrivateEndpointServiceConnectionStatus::Approved
  - Approved
  - ComputePrivateEndpointServiceConnectionStatus.Approved
  - ComputePrivateEndpointServiceConnectionStatus::Approved
  helpviewer_keywords:
  - ComputePrivateEndpointServiceConnectionStatus.Approved property [.NET]
  - Approved property [.NET], struct ComputePrivateEndpointServiceConnectionStatus
  monikers:
  - azure-dotnet
  - azure-dotnet-preview
