### YamlMime:NetMember
type: property
members:
- returnsWithMoniker:
    type:
    - value: <xref href="Azure.ResourceManager.CognitiveServices.Models.CognitiveServicesPrivateEndpointServiceConnectionStatus?alt=Azure.ResourceManager.CognitiveServices.Models.CognitiveServicesPrivateEndpointServiceConnectionStatus&text=CognitiveServicesPrivateEndpointServiceConnectionStatus" data-throw-if-not-resolved="True"/>
  type: property
  uid: Azure.ResourceManager.CognitiveServices.Models.CognitiveServicesPrivateEndpointServiceConnectionStatus.Approved
  commentId: P:Azure.ResourceManager.CognitiveServices.Models.CognitiveServicesPrivateEndpointServiceConnectionStatus.Approved
  name: Approved
  fullName: Azure.ResourceManager.CognitiveServices.Models.CognitiveServicesPrivateEndpointServiceConnectionStatus.Approved
  nameWithType: CognitiveServicesPrivateEndpointServiceConnectionStatus.Approved
  syntaxWithMoniker:
  - lang: csharp
    values:
    - value: public static Azure.ResourceManager.CognitiveServices.Models.CognitiveServicesPrivateEndpointServiceConnectionStatus Approved { get; }
  - lang: fsharp
    values:
    - value: 'static member Approved : Azure.ResourceManager.CognitiveServices.Models.CognitiveServicesPrivateEndpointServiceConnectionStatus'
  - lang: vb
    values:
    - value: Public Shared ReadOnly Property Approved As CognitiveServicesPrivateEndpointServiceConnectionStatus
  monikers:
  - azure-dotnet
  - azure-dotnet-preview
  summary: Approved.
  metadata: {}
uid: Azure.ResourceManager.CognitiveServices.Models.CognitiveServicesPrivateEndpointServiceConnectionStatus.Approved*
commentId: Overload:Azure.ResourceManager.CognitiveServices.Models.CognitiveServicesPrivateEndpointServiceConnectionStatus.Approved
namespace: Azure.ResourceManager.CognitiveServices.Models
name: Approved
fullName: Azure.ResourceManager.CognitiveServices.Models.CognitiveServicesPrivateEndpointServiceConnectionStatus.Approved
nameWithType: CognitiveServicesPrivateEndpointServiceConnectionStatus.Approved
assembliesWithMoniker:
- value: Azure.ResourceManager.CognitiveServices.dll
packagesWithMoniker:
- value: Azure.ResourceManager.CognitiveServices v1.3.0
  monikers:
  - azure-dotnet
- value: Azure.ResourceManager.CognitiveServices v1.3.0-beta.1
  monikers:
  - azure-dotnet-preview
devLangs:
- csharp
- vb
- fsharp
monikers:
- azure-dotnet
- azure-dotnet-preview
metadata:
  api_name:
  - Azure.ResourceManager.CognitiveServices.Models.CognitiveServicesPrivateEndpointServiceConnectionStatus.Approved
  - Azure.ResourceManager.CognitiveServices.Models.CognitiveServicesPrivateEndpointServiceConnectionStatus.get_Approved
  api_location:
  - Azure.ResourceManager.CognitiveServices.dll
  topic_type:
  - apiref
  api_type:
  - Assembly
  f1_keywords:
  - Azure.ResourceManager.CognitiveServices.Models.CognitiveServicesPrivateEndpointServiceConnectionStatus.Approved
  - Azure::ResourceManager::CognitiveServices::Models::CognitiveServicesPrivateEndpointServiceConnectionStatus::Approved
  - Approved
  - CognitiveServicesPrivateEndpointServiceConnectionStatus.Approved
  - CognitiveServicesPrivateEndpointServiceConnectionStatus::Approved
  helpviewer_keywords:
  - CognitiveServicesPrivateEndpointServiceConnectionStatus.Approved property [.NET]
  - Approved property [.NET], struct CognitiveServicesPrivateEndpointServiceConnectionStatus
  monikers:
  - azure-dotnet
  - azure-dotnet-preview
