### YamlMime:NetMember
type: property
members:
- returnsWithMoniker:
    type:
    - value: <xref href="Azure.ResourceManager.ContainerService.Models.ContainerServicePrivateLinkServiceConnectionStatus?alt=Azure.ResourceManager.ContainerService.Models.ContainerServicePrivateLinkServiceConnectionStatus&text=ContainerServicePrivateLinkServiceConnectionStatus" data-throw-if-not-resolved="True"/>
  type: property
  uid: Azure.ResourceManager.ContainerService.Models.ContainerServicePrivateLinkServiceConnectionStatus.Approved
  commentId: P:Azure.ResourceManager.ContainerService.Models.ContainerServicePrivateLinkServiceConnectionStatus.Approved
  name: Approved
  fullName: Azure.ResourceManager.ContainerService.Models.ContainerServicePrivateLinkServiceConnectionStatus.Approved
  nameWithType: ContainerServicePrivateLinkServiceConnectionStatus.Approved
  syntaxWithMoniker:
  - lang: csharp
    values:
    - value: public static Azure.ResourceManager.ContainerService.Models.ContainerServicePrivateLinkServiceConnectionStatus Approved { get; }
  - lang: fsharp
    values:
    - value: 'static member Approved : Azure.ResourceManager.ContainerService.Models.ContainerServicePrivateLinkServiceConnectionStatus'
  - lang: vb
    values:
    - value: Public Shared ReadOnly Property Approved As ContainerServicePrivateLinkServiceConnectionStatus
  monikers:
  - azure-dotnet
  - azure-dotnet-preview
  summary: Approved.
  metadata: {}
uid: Azure.ResourceManager.ContainerService.Models.ContainerServicePrivateLinkServiceConnectionStatus.Approved*
commentId: Overload:Azure.ResourceManager.ContainerService.Models.ContainerServicePrivateLinkServiceConnectionStatus.Approved
namespace: Azure.ResourceManager.ContainerService.Models
name: Approved
fullName: Azure.ResourceManager.ContainerService.Models.ContainerServicePrivateLinkServiceConnectionStatus.Approved
nameWithType: ContainerServicePrivateLinkServiceConnectionStatus.Approved
assembliesWithMoniker:
- value: Azure.ResourceManager.ContainerService.dll
packagesWithMoniker:
- value: Azure.ResourceManager.ContainerService v1.1.0
  monikers:
  - azure-dotnet
- value: Azure.ResourceManager.ContainerService v1.2.0-beta.2
  monikers:
  - azure-dotnet-preview
devLangs:
- csharp
- vb
- fsharp
monikers:
- azure-dotnet
- azure-dotnet-preview
metadata:
  api_name:
  - Azure.ResourceManager.ContainerService.Models.ContainerServicePrivateLinkServiceConnectionStatus.Approved
  - Azure.ResourceManager.ContainerService.Models.ContainerServicePrivateLinkServiceConnectionStatus.get_Approved
  api_location:
  - Azure.ResourceManager.ContainerService.dll
  topic_type:
  - apiref
  api_type:
  - Assembly
  f1_keywords:
  - Azure.ResourceManager.ContainerService.Models.ContainerServicePrivateLinkServiceConnectionStatus.Approved
  - Azure::ResourceManager::ContainerService::Models::ContainerServicePrivateLinkServiceConnectionStatus::Approved
  - Approved
  - ContainerServicePrivateLinkServiceConnectionStatus.Approved
  - ContainerServicePrivateLinkServiceConnectionStatus::Approved
  helpviewer_keywords:
  - ContainerServicePrivateLinkServiceConnectionStatus.Approved property [.NET]
  - Approved property [.NET], struct ContainerServicePrivateLinkServiceConnectionStatus
  monikers:
  - azure-dotnet
  - azure-dotnet-preview
