### YamlMime:NetMember
type: property
members:
- returnsWithMoniker:
    type:
    - value: <xref href="Azure.ResourceManager.FrontDoor.Models.BackendPrivateEndpointStatus?alt=Azure.ResourceManager.FrontDoor.Models.BackendPrivateEndpointStatus&text=BackendPrivateEndpointStatus" data-throw-if-not-resolved="True"/>
  type: property
  uid: Azure.ResourceManager.FrontDoor.Models.BackendPrivateEndpointStatus.Approved
  commentId: P:Azure.ResourceManager.FrontDoor.Models.BackendPrivateEndpointStatus.Approved
  name: Approved
  fullName: Azure.ResourceManager.FrontDoor.Models.BackendPrivateEndpointStatus.Approved
  nameWithType: BackendPrivateEndpointStatus.Approved
  syntaxWithMoniker:
  - lang: csharp
    values:
    - value: public static Azure.ResourceManager.FrontDoor.Models.BackendPrivateEndpointStatus Approved { get; }
  - lang: fsharp
    values:
    - value: 'static member Approved : Azure.ResourceManager.FrontDoor.Models.BackendPrivateEndpointStatus'
  - lang: vb
    values:
    - value: Public Shared ReadOnly Property Approved As BackendPrivateEndpointStatus
  monikers:
  - azure-dotnet
  - azure-dotnet-preview
  summary: Approved.
  metadata: {}
uid: Azure.ResourceManager.FrontDoor.Models.BackendPrivateEndpointStatus.Approved*
commentId: Overload:Azure.ResourceManager.FrontDoor.Models.BackendPrivateEndpointStatus.Approved
namespace: Azure.ResourceManager.FrontDoor.Models
name: Approved
fullName: Azure.ResourceManager.FrontDoor.Models.BackendPrivateEndpointStatus.Approved
nameWithType: BackendPrivateEndpointStatus.Approved
assembliesWithMoniker:
- value: Azure.ResourceManager.FrontDoor.dll
packagesWithMoniker:
- value: Azure.ResourceManager.FrontDoor v1.1.0
  monikers:
  - azure-dotnet
- value: Azure.ResourceManager.FrontDoor v1.2.0-beta.1
  monikers:
  - azure-dotnet-preview
devLangs:
- csharp
- vb
- fsharp
monikers:
- azure-dotnet
- azure-dotnet-preview
metadata:
  api_name:
  - Azure.ResourceManager.FrontDoor.Models.BackendPrivateEndpointStatus.Approved
  - Azure.ResourceManager.FrontDoor.Models.BackendPrivateEndpointStatus.get_Approved
  api_location:
  - Azure.ResourceManager.FrontDoor.dll
  topic_type:
  - apiref
  api_type:
  - Assembly
  f1_keywords:
  - Azure.ResourceManager.FrontDoor.Models.BackendPrivateEndpointStatus.Approved
  - Azure::ResourceManager::FrontDoor::Models::BackendPrivateEndpointStatus::Approved
  - Approved
  - BackendPrivateEndpointStatus.Approved
  - BackendPrivateEndpointStatus::Approved
  helpviewer_keywords:
  - BackendPrivateEndpointStatus.Approved property [.NET]
  - Approved property [.NET], struct BackendPrivateEndpointStatus
  monikers:
  - azure-dotnet
  - azure-dotnet-preview
