### YamlMime:NetMember
type: property
members:
- returnsWithMoniker:
    type:
    - value: <xref href="Azure.ResourceManager.DeviceUpdate.Models.DeviceUpdatePrivateEndpointServiceConnectionStatus?alt=Azure.ResourceManager.DeviceUpdate.Models.DeviceUpdatePrivateEndpointServiceConnectionStatus&text=DeviceUpdatePrivateEndpointServiceConnectionStatus" data-throw-if-not-resolved="True"/>
  type: property
  uid: Azure.ResourceManager.DeviceUpdate.Models.DeviceUpdatePrivateEndpointServiceConnectionStatus.Approved
  commentId: P:Azure.ResourceManager.DeviceUpdate.Models.DeviceUpdatePrivateEndpointServiceConnectionStatus.Approved
  name: Approved
  fullName: Azure.ResourceManager.DeviceUpdate.Models.DeviceUpdatePrivateEndpointServiceConnectionStatus.Approved
  nameWithType: DeviceUpdatePrivateEndpointServiceConnectionStatus.Approved
  syntaxWithMoniker:
  - lang: csharp
    values:
    - value: public static Azure.ResourceManager.DeviceUpdate.Models.DeviceUpdatePrivateEndpointServiceConnectionStatus Approved { get; }
  - lang: fsharp
    values:
    - value: 'static member Approved : Azure.ResourceManager.DeviceUpdate.Models.DeviceUpdatePrivateEndpointServiceConnectionStatus'
  - lang: vb
    values:
    - value: Public Shared ReadOnly Property Approved As DeviceUpdatePrivateEndpointServiceConnectionStatus
  monikers:
  - azure-dotnet-preview
  summary: Approved.
  metadata: {}
uid: Azure.ResourceManager.DeviceUpdate.Models.DeviceUpdatePrivateEndpointServiceConnectionStatus.Approved*
commentId: Overload:Azure.ResourceManager.DeviceUpdate.Models.DeviceUpdatePrivateEndpointServiceConnectionStatus.Approved
namespace: Azure.ResourceManager.DeviceUpdate.Models
name: Approved
fullName: Azure.ResourceManager.DeviceUpdate.Models.DeviceUpdatePrivateEndpointServiceConnectionStatus.Approved
nameWithType: DeviceUpdatePrivateEndpointServiceConnectionStatus.Approved
assembliesWithMoniker:
- value: Azure.ResourceManager.DeviceUpdate.dll
packagesWithMoniker:
- value: Azure.ResourceManager.DeviceUpdate v1.0.0-beta.9
devLangs:
- csharp
- vb
- fsharp
monikers:
- azure-dotnet-preview
metadata:
  api_name:
  - Azure.ResourceManager.DeviceUpdate.Models.DeviceUpdatePrivateEndpointServiceConnectionStatus.Approved
  - Azure.ResourceManager.DeviceUpdate.Models.DeviceUpdatePrivateEndpointServiceConnectionStatus.get_Approved
  api_location:
  - Azure.ResourceManager.DeviceUpdate.dll
  topic_type:
  - apiref
  api_type:
  - Assembly
  f1_keywords:
  - Azure.ResourceManager.DeviceUpdate.Models.DeviceUpdatePrivateEndpointServiceConnectionStatus.Approved
  - Azure::ResourceManager::DeviceUpdate::Models::DeviceUpdatePrivateEndpointServiceConnectionStatus::Approved
  - Approved
  - DeviceUpdatePrivateEndpointServiceConnectionStatus.Approved
  - DeviceUpdatePrivateEndpointServiceConnectionStatus::Approved
  helpviewer_keywords:
  - DeviceUpdatePrivateEndpointServiceConnectionStatus.Approved property [.NET]
  - Approved property [.NET], struct DeviceUpdatePrivateEndpointServiceConnectionStatus
  monikers:
  - azure-dotnet-preview
