### YamlMime:NetMember
type: property
members:
- returnsWithMoniker:
    type:
    - value: <xref href="Azure.ResourceManager.AppConfiguration.Models.AppConfigurationPrivateLinkServiceConnectionStatus?alt=Azure.ResourceManager.AppConfiguration.Models.AppConfigurationPrivateLinkServiceConnectionStatus&text=AppConfigurationPrivateLinkServiceConnectionStatus" data-throw-if-not-resolved="True"/>
  type: property
  uid: Azure.ResourceManager.AppConfiguration.Models.AppConfigurationPrivateLinkServiceConnectionStatus.Approved
  commentId: P:Azure.ResourceManager.AppConfiguration.Models.AppConfigurationPrivateLinkServiceConnectionStatus.Approved
  name: Approved
  fullName: Azure.ResourceManager.AppConfiguration.Models.AppConfigurationPrivateLinkServiceConnectionStatus.Approved
  nameWithType: AppConfigurationPrivateLinkServiceConnectionStatus.Approved
  syntaxWithMoniker:
  - lang: csharp
    values:
    - value: public static Azure.ResourceManager.AppConfiguration.Models.AppConfigurationPrivateLinkServiceConnectionStatus Approved { get; }
  - lang: fsharp
    values:
    - value: 'static member Approved : Azure.ResourceManager.AppConfiguration.Models.AppConfigurationPrivateLinkServiceConnectionStatus'
  - lang: vb
    values:
    - value: Public Shared ReadOnly Property Approved As AppConfigurationPrivateLinkServiceConnectionStatus
  monikers:
  - azure-dotnet
  - azure-dotnet-preview
  summary: Approved.
  metadata: {}
uid: Azure.ResourceManager.AppConfiguration.Models.AppConfigurationPrivateLinkServiceConnectionStatus.Approved*
commentId: Overload:Azure.ResourceManager.AppConfiguration.Models.AppConfigurationPrivateLinkServiceConnectionStatus.Approved
namespace: Azure.ResourceManager.AppConfiguration.Models
name: Approved
fullName: Azure.ResourceManager.AppConfiguration.Models.AppConfigurationPrivateLinkServiceConnectionStatus.Approved
nameWithType: AppConfigurationPrivateLinkServiceConnectionStatus.Approved
assembliesWithMoniker:
- value: Azure.ResourceManager.AppConfiguration.dll
packagesWithMoniker:
- value: Azure.ResourceManager.AppConfiguration v1.0.0
  monikers:
  - azure-dotnet
- value: Azure.ResourceManager.AppConfiguration v1.1.0-beta.1
  monikers:
  - azure-dotnet-preview
devLangs:
- csharp
- vb
- fsharp
monikers:
- azure-dotnet
- azure-dotnet-preview
metadata:
  api_name:
  - Azure.ResourceManager.AppConfiguration.Models.AppConfigurationPrivateLinkServiceConnectionStatus.Approved
  - Azure.ResourceManager.AppConfiguration.Models.AppConfigurationPrivateLinkServiceConnectionStatus.get_Approved
  api_location:
  - Azure.ResourceManager.AppConfiguration.dll
  topic_type:
  - apiref
  api_type:
  - Assembly
  f1_keywords:
  - Azure.ResourceManager.AppConfiguration.Models.AppConfigurationPrivateLinkServiceConnectionStatus.Approved
  - Azure::ResourceManager::AppConfiguration::Models::AppConfigurationPrivateLinkServiceConnectionStatus::Approved
  - Approved
  - AppConfigurationPrivateLinkServiceConnectionStatus.Approved
  - AppConfigurationPrivateLinkServiceConnectionStatus::Approved
  helpviewer_keywords:
  - AppConfigurationPrivateLinkServiceConnectionStatus.Approved property [.NET]
  - Approved property [.NET], struct AppConfigurationPrivateLinkServiceConnectionStatus
  monikers:
  - azure-dotnet
  - azure-dotnet-preview
