### YamlMime:NetMember
type: property
members:
- returnsWithMoniker:
    type:
    - value: <xref href="Azure.ResourceManager.Attestation.Models.AttestationPrivateEndpointServiceConnectionStatus?alt=Azure.ResourceManager.Attestation.Models.AttestationPrivateEndpointServiceConnectionStatus&text=AttestationPrivateEndpointServiceConnectionStatus" data-throw-if-not-resolved="True"/>
  type: property
  uid: Azure.ResourceManager.Attestation.Models.AttestationPrivateEndpointServiceConnectionStatus.Approved
  commentId: P:Azure.ResourceManager.Attestation.Models.AttestationPrivateEndpointServiceConnectionStatus.Approved
  name: Approved
  fullName: Azure.ResourceManager.Attestation.Models.AttestationPrivateEndpointServiceConnectionStatus.Approved
  nameWithType: AttestationPrivateEndpointServiceConnectionStatus.Approved
  syntaxWithMoniker:
  - lang: csharp
    values:
    - value: public static Azure.ResourceManager.Attestation.Models.AttestationPrivateEndpointServiceConnectionStatus Approved { get; }
  - lang: fsharp
    values:
    - value: 'static member Approved : Azure.ResourceManager.Attestation.Models.AttestationPrivateEndpointServiceConnectionStatus'
  - lang: vb
    values:
    - value: Public Shared ReadOnly Property Approved As AttestationPrivateEndpointServiceConnectionStatus
  monikers:
  - azure-dotnet-preview
  summary: Approved.
  metadata: {}
uid: Azure.ResourceManager.Attestation.Models.AttestationPrivateEndpointServiceConnectionStatus.Approved*
commentId: Overload:Azure.ResourceManager.Attestation.Models.AttestationPrivateEndpointServiceConnectionStatus.Approved
namespace: Azure.ResourceManager.Attestation.Models
name: Approved
fullName: Azure.ResourceManager.Attestation.Models.AttestationPrivateEndpointServiceConnectionStatus.Approved
nameWithType: AttestationPrivateEndpointServiceConnectionStatus.Approved
assembliesWithMoniker:
- value: Azure.ResourceManager.Attestation.dll
packagesWithMoniker:
- value: Azure.ResourceManager.Attestation v1.0.0-beta.3
devLangs:
- csharp
- vb
- fsharp
monikers:
- azure-dotnet-preview
metadata:
  api_name:
  - Azure.ResourceManager.Attestation.Models.AttestationPrivateEndpointServiceConnectionStatus.Approved
  - Azure.ResourceManager.Attestation.Models.AttestationPrivateEndpointServiceConnectionStatus.get_Approved
  api_location:
  - Azure.ResourceManager.Attestation.dll
  topic_type:
  - apiref
  api_type:
  - Assembly
  f1_keywords:
  - Azure.ResourceManager.Attestation.Models.AttestationPrivateEndpointServiceConnectionStatus.Approved
  - Azure::ResourceManager::Attestation::Models::AttestationPrivateEndpointServiceConnectionStatus::Approved
  - Approved
  - AttestationPrivateEndpointServiceConnectionStatus.Approved
  - AttestationPrivateEndpointServiceConnectionStatus::Approved
  helpviewer_keywords:
  - AttestationPrivateEndpointServiceConnectionStatus.Approved property [.NET]
  - Approved property [.NET], struct AttestationPrivateEndpointServiceConnectionStatus
  monikers:
  - azure-dotnet-preview
