### YamlMime:NetMember
type: property
members:
- returnsWithMoniker:
    type:
    - value: <xref href="Azure.ResourceManager.ApiManagement.Models.ApiManagementPrivateEndpointServiceConnectionStatus?alt=Azure.ResourceManager.ApiManagement.Models.ApiManagementPrivateEndpointServiceConnectionStatus&text=ApiManagementPrivateEndpointServiceConnectionStatus" data-throw-if-not-resolved="True"/>
  type: property
  uid: Azure.ResourceManager.ApiManagement.Models.ApiManagementPrivateEndpointServiceConnectionStatus.Approved
  commentId: P:Azure.ResourceManager.ApiManagement.Models.ApiManagementPrivateEndpointServiceConnectionStatus.Approved
  name: Approved
  fullName: Azure.ResourceManager.ApiManagement.Models.ApiManagementPrivateEndpointServiceConnectionStatus.Approved
  nameWithType: ApiManagementPrivateEndpointServiceConnectionStatus.Approved
  syntaxWithMoniker:
  - lang: csharp
    values:
    - value: public static Azure.ResourceManager.ApiManagement.Models.ApiManagementPrivateEndpointServiceConnectionStatus Approved { get; }
  - lang: fsharp
    values:
    - value: 'static member Approved : Azure.ResourceManager.ApiManagement.Models.ApiManagementPrivateEndpointServiceConnectionStatus'
  - lang: vb
    values:
    - value: Public Shared ReadOnly Property Approved As ApiManagementPrivateEndpointServiceConnectionStatus
  monikers:
  - azure-dotnet
  - azure-dotnet-preview
  summary: Approved.
  metadata: {}
uid: Azure.ResourceManager.ApiManagement.Models.ApiManagementPrivateEndpointServiceConnectionStatus.Approved*
commentId: Overload:Azure.ResourceManager.ApiManagement.Models.ApiManagementPrivateEndpointServiceConnectionStatus.Approved
namespace: Azure.ResourceManager.ApiManagement.Models
name: Approved
fullName: Azure.ResourceManager.ApiManagement.Models.ApiManagementPrivateEndpointServiceConnectionStatus.Approved
nameWithType: ApiManagementPrivateEndpointServiceConnectionStatus.Approved
assembliesWithMoniker:
- value: Azure.ResourceManager.ApiManagement.dll
packagesWithMoniker:
- value: Azure.ResourceManager.ApiManagement v1.0.1
  monikers:
  - azure-dotnet
- value: Azure.ResourceManager.ApiManagement v1.1.0-beta.1
  monikers:
  - azure-dotnet-preview
devLangs:
- csharp
- vb
- fsharp
monikers:
- azure-dotnet
- azure-dotnet-preview
metadata:
  api_name:
  - Azure.ResourceManager.ApiManagement.Models.ApiManagementPrivateEndpointServiceConnectionStatus.Approved
  - Azure.ResourceManager.ApiManagement.Models.ApiManagementPrivateEndpointServiceConnectionStatus.get_Approved
  api_location:
  - Azure.ResourceManager.ApiManagement.dll
  topic_type:
  - apiref
  api_type:
  - Assembly
  f1_keywords:
  - Azure.ResourceManager.ApiManagement.Models.ApiManagementPrivateEndpointServiceConnectionStatus.Approved
  - Azure::ResourceManager::ApiManagement::Models::ApiManagementPrivateEndpointServiceConnectionStatus::Approved
  - Approved
  - ApiManagementPrivateEndpointServiceConnectionStatus.Approved
  - ApiManagementPrivateEndpointServiceConnectionStatus::Approved
  helpviewer_keywords:
  - ApiManagementPrivateEndpointServiceConnectionStatus.Approved property [.NET]
  - Approved property [.NET], struct ApiManagementPrivateEndpointServiceConnectionStatus
  monikers:
  - azure-dotnet
  - azure-dotnet-preview
