### YamlMime:NetMember
type: property
members:
- returnsWithMoniker:
    type:
    - value: <xref href="Azure.ResourceManager.CosmosDBForPostgreSql.Models.CosmosDBForPostgreSqlPrivateEndpointServiceConnectionStatus?alt=Azure.ResourceManager.CosmosDBForPostgreSql.Models.CosmosDBForPostgreSqlPrivateEndpointServiceConnectionStatus&text=CosmosDBForPostgreSqlPrivateEndpointServiceConnectionStatus" data-throw-if-not-resolved="True"/>
  type: property
  uid: Azure.ResourceManager.CosmosDBForPostgreSql.Models.CosmosDBForPostgreSqlPrivateEndpointServiceConnectionStatus.Approved
  commentId: P:Azure.ResourceManager.CosmosDBForPostgreSql.Models.CosmosDBForPostgreSqlPrivateEndpointServiceConnectionStatus.Approved
  name: Approved
  fullName: Azure.ResourceManager.CosmosDBForPostgreSql.Models.CosmosDBForPostgreSqlPrivateEndpointServiceConnectionStatus.Approved
  nameWithType: CosmosDBForPostgreSqlPrivateEndpointServiceConnectionStatus.Approved
  syntaxWithMoniker:
  - lang: csharp
    values:
    - value: public static Azure.ResourceManager.CosmosDBForPostgreSql.Models.CosmosDBForPostgreSqlPrivateEndpointServiceConnectionStatus Approved { get; }
  - lang: fsharp
    values:
    - value: 'static member Approved : Azure.ResourceManager.CosmosDBForPostgreSql.Models.CosmosDBForPostgreSqlPrivateEndpointServiceConnectionStatus'
  - lang: vb
    values:
    - value: Public Shared ReadOnly Property Approved As CosmosDBForPostgreSqlPrivateEndpointServiceConnectionStatus
  monikers:
  - azure-dotnet-preview
  summary: Approved.
  metadata: {}
uid: Azure.ResourceManager.CosmosDBForPostgreSql.Models.CosmosDBForPostgreSqlPrivateEndpointServiceConnectionStatus.Approved*
commentId: Overload:Azure.ResourceManager.CosmosDBForPostgreSql.Models.CosmosDBForPostgreSqlPrivateEndpointServiceConnectionStatus.Approved
namespace: Azure.ResourceManager.CosmosDBForPostgreSql.Models
name: Approved
fullName: Azure.ResourceManager.CosmosDBForPostgreSql.Models.CosmosDBForPostgreSqlPrivateEndpointServiceConnectionStatus.Approved
nameWithType: CosmosDBForPostgreSqlPrivateEndpointServiceConnectionStatus.Approved
assembliesWithMoniker:
- value: Azure.ResourceManager.CosmosDBForPostgreSql.dll
packagesWithMoniker:
- value: Azure.ResourceManager.CosmosDBForPostgreSql v1.0.0-beta.1
devLangs:
- csharp
- vb
- fsharp
monikers:
- azure-dotnet-preview
metadata:
  api_name:
  - Azure.ResourceManager.CosmosDBForPostgreSql.Models.CosmosDBForPostgreSqlPrivateEndpointServiceConnectionStatus.Approved
  - Azure.ResourceManager.CosmosDBForPostgreSql.Models.CosmosDBForPostgreSqlPrivateEndpointServiceConnectionStatus.get_Approved
  api_location:
  - Azure.ResourceManager.CosmosDBForPostgreSql.dll
  topic_type:
  - apiref
  api_type:
  - Assembly
  f1_keywords:
  - Azure.ResourceManager.CosmosDBForPostgreSql.Models.CosmosDBForPostgreSqlPrivateEndpointServiceConnectionStatus.Approved
  - Azure::ResourceManager::CosmosDBForPostgreSql::Models::CosmosDBForPostgreSqlPrivateEndpointServiceConnectionStatus::Approved
  - Approved
  - CosmosDBForPostgreSqlPrivateEndpointServiceConnectionStatus.Approved
  - CosmosDBForPostgreSqlPrivateEndpointServiceConnectionStatus::Approved
  helpviewer_keywords:
  - CosmosDBForPostgreSqlPrivateEndpointServiceConnectionStatus.Approved property [.NET]
  - Approved property [.NET], struct CosmosDBForPostgreSqlPrivateEndpointServiceConnectionStatus
  monikers:
  - azure-dotnet-preview
