### YamlMime:NetMember
type: property
members:
- returnsWithMoniker:
    type:
    - value: <xref href="Azure.ResourceManager.ContainerRegistry.Models.ContainerRegistryPrivateLinkServiceConnectionStatus?alt=Azure.ResourceManager.ContainerRegistry.Models.ContainerRegistryPrivateLinkServiceConnectionStatus&text=ContainerRegistryPrivateLinkServiceConnectionStatus" data-throw-if-not-resolved="True"/>
  type: property
  uid: Azure.ResourceManager.ContainerRegistry.Models.ContainerRegistryPrivateLinkServiceConnectionStatus.Approved
  commentId: P:Azure.ResourceManager.ContainerRegistry.Models.ContainerRegistryPrivateLinkServiceConnectionStatus.Approved
  name: Approved
  fullName: Azure.ResourceManager.ContainerRegistry.Models.ContainerRegistryPrivateLinkServiceConnectionStatus.Approved
  nameWithType: ContainerRegistryPrivateLinkServiceConnectionStatus.Approved
  syntaxWithMoniker:
  - lang: csharp
    values:
    - value: public static Azure.ResourceManager.ContainerRegistry.Models.ContainerRegistryPrivateLinkServiceConnectionStatus Approved { get; }
  - lang: fsharp
    values:
    - value: 'static member Approved : Azure.ResourceManager.ContainerRegistry.Models.ContainerRegistryPrivateLinkServiceConnectionStatus'
  - lang: vb
    values:
    - value: Public Shared ReadOnly Property Approved As ContainerRegistryPrivateLinkServiceConnectionStatus
  monikers:
  - azure-dotnet
  - azure-dotnet-preview
  summary: Approved.
  metadata: {}
uid: Azure.ResourceManager.ContainerRegistry.Models.ContainerRegistryPrivateLinkServiceConnectionStatus.Approved*
commentId: Overload:Azure.ResourceManager.ContainerRegistry.Models.ContainerRegistryPrivateLinkServiceConnectionStatus.Approved
namespace: Azure.ResourceManager.ContainerRegistry.Models
name: Approved
fullName: Azure.ResourceManager.ContainerRegistry.Models.ContainerRegistryPrivateLinkServiceConnectionStatus.Approved
nameWithType: ContainerRegistryPrivateLinkServiceConnectionStatus.Approved
assembliesWithMoniker:
- value: Azure.ResourceManager.ContainerRegistry.dll
packagesWithMoniker:
- value: Azure.ResourceManager.ContainerRegistry v1.1.0
  monikers:
  - azure-dotnet
- value: Azure.ResourceManager.ContainerRegistry v1.2.0-beta.1
  monikers:
  - azure-dotnet-preview
devLangs:
- csharp
- vb
- fsharp
monikers:
- azure-dotnet
- azure-dotnet-preview
metadata:
  api_name:
  - Azure.ResourceManager.ContainerRegistry.Models.ContainerRegistryPrivateLinkServiceConnectionStatus.Approved
  - Azure.ResourceManager.ContainerRegistry.Models.ContainerRegistryPrivateLinkServiceConnectionStatus.get_Approved
  api_location:
  - Azure.ResourceManager.ContainerRegistry.dll
  topic_type:
  - apiref
  api_type:
  - Assembly
  f1_keywords:
  - Azure.ResourceManager.ContainerRegistry.Models.ContainerRegistryPrivateLinkServiceConnectionStatus.Approved
  - Azure::ResourceManager::ContainerRegistry::Models::ContainerRegistryPrivateLinkServiceConnectionStatus::Approved
  - Approved
  - ContainerRegistryPrivateLinkServiceConnectionStatus.Approved
  - ContainerRegistryPrivateLinkServiceConnectionStatus::Approved
  helpviewer_keywords:
  - ContainerRegistryPrivateLinkServiceConnectionStatus.Approved property [.NET]
  - Approved property [.NET], struct ContainerRegistryPrivateLinkServiceConnectionStatus
  monikers:
  - azure-dotnet
  - azure-dotnet-preview
