### YamlMime:NetMember
type: property
members:
- returnsWithMoniker:
    type:
    - value: <xref href="Azure.ResourceManager.DigitalTwins.Models.DigitalTwinsPrivateLinkResourceProvisioningState?alt=Azure.ResourceManager.DigitalTwins.Models.DigitalTwinsPrivateLinkResourceProvisioningState&text=DigitalTwinsPrivateLinkResourceProvisioningState" data-throw-if-not-resolved="True"/>
  type: property
  uid: Azure.ResourceManager.DigitalTwins.Models.DigitalTwinsPrivateLinkResourceProvisioningState.Approved
  commentId: P:Azure.ResourceManager.DigitalTwins.Models.DigitalTwinsPrivateLinkResourceProvisioningState.Approved
  name: Approved
  fullName: Azure.ResourceManager.DigitalTwins.Models.DigitalTwinsPrivateLinkResourceProvisioningState.Approved
  nameWithType: DigitalTwinsPrivateLinkResourceProvisioningState.Approved
  syntaxWithMoniker:
  - lang: csharp
    values:
    - value: public static Azure.ResourceManager.DigitalTwins.Models.DigitalTwinsPrivateLinkResourceProvisioningState Approved { get; }
  - lang: fsharp
    values:
    - value: 'static member Approved : Azure.ResourceManager.DigitalTwins.Models.DigitalTwinsPrivateLinkResourceProvisioningState'
  - lang: vb
    values:
    - value: Public Shared ReadOnly Property Approved As DigitalTwinsPrivateLinkResourceProvisioningState
  monikers:
  - azure-dotnet
  - azure-dotnet-preview
  summary: Approved.
  metadata: {}
uid: Azure.ResourceManager.DigitalTwins.Models.DigitalTwinsPrivateLinkResourceProvisioningState.Approved*
commentId: Overload:Azure.ResourceManager.DigitalTwins.Models.DigitalTwinsPrivateLinkResourceProvisioningState.Approved
namespace: Azure.ResourceManager.DigitalTwins.Models
name: Approved
fullName: Azure.ResourceManager.DigitalTwins.Models.DigitalTwinsPrivateLinkResourceProvisioningState.Approved
nameWithType: DigitalTwinsPrivateLinkResourceProvisioningState.Approved
assembliesWithMoniker:
- value: Azure.ResourceManager.DigitalTwins.dll
packagesWithMoniker:
- value: Azure.ResourceManager.DigitalTwins v1.2.0
  monikers:
  - azure-dotnet
- value: Azure.ResourceManager.DigitalTwins v1.3.0-beta.1
  monikers:
  - azure-dotnet-preview
devLangs:
- csharp
- vb
- fsharp
monikers:
- azure-dotnet
- azure-dotnet-preview
metadata:
  api_name:
  - Azure.ResourceManager.DigitalTwins.Models.DigitalTwinsPrivateLinkResourceProvisioningState.Approved
  - Azure.ResourceManager.DigitalTwins.Models.DigitalTwinsPrivateLinkResourceProvisioningState.get_Approved
  api_location:
  - Azure.ResourceManager.DigitalTwins.dll
  topic_type:
  - apiref
  api_type:
  - Assembly
  f1_keywords:
  - Azure.ResourceManager.DigitalTwins.Models.DigitalTwinsPrivateLinkResourceProvisioningState.Approved
  - Azure::ResourceManager::DigitalTwins::Models::DigitalTwinsPrivateLinkResourceProvisioningState::Approved
  - Approved
  - DigitalTwinsPrivateLinkResourceProvisioningState.Approved
  - DigitalTwinsPrivateLinkResourceProvisioningState::Approved
  helpviewer_keywords:
  - DigitalTwinsPrivateLinkResourceProvisioningState.Approved property [.NET]
  - Approved property [.NET], struct DigitalTwinsPrivateLinkResourceProvisioningState
  monikers:
  - azure-dotnet
  - azure-dotnet-preview
