### YamlMime:NetMember
type: property
members:
- returnsWithMoniker:
    type:
    - value: <xref href="Azure.ResourceManager.BotService.Models.BotServicePrivateEndpointServiceConnectionStatus?alt=Azure.ResourceManager.BotService.Models.BotServicePrivateEndpointServiceConnectionStatus&text=BotServicePrivateEndpointServiceConnectionStatus" data-throw-if-not-resolved="True"/>
  type: property
  uid: Azure.ResourceManager.BotService.Models.BotServicePrivateEndpointServiceConnectionStatus.Approved
  commentId: P:Azure.ResourceManager.BotService.Models.BotServicePrivateEndpointServiceConnectionStatus.Approved
  name: Approved
  fullName: Azure.ResourceManager.BotService.Models.BotServicePrivateEndpointServiceConnectionStatus.Approved
  nameWithType: BotServicePrivateEndpointServiceConnectionStatus.Approved
  syntaxWithMoniker:
  - lang: csharp
    values:
    - value: public static Azure.ResourceManager.BotService.Models.BotServicePrivateEndpointServiceConnectionStatus Approved { get; }
  - lang: fsharp
    values:
    - value: 'static member Approved : Azure.ResourceManager.BotService.Models.BotServicePrivateEndpointServiceConnectionStatus'
  - lang: vb
    values:
    - value: Public Shared ReadOnly Property Approved As BotServicePrivateEndpointServiceConnectionStatus
  monikers:
  - azure-dotnet
  - azure-dotnet-preview
  summary: Approved.
  metadata: {}
uid: Azure.ResourceManager.BotService.Models.BotServicePrivateEndpointServiceConnectionStatus.Approved*
commentId: Overload:Azure.ResourceManager.BotService.Models.BotServicePrivateEndpointServiceConnectionStatus.Approved
namespace: Azure.ResourceManager.BotService.Models
name: Approved
fullName: Azure.ResourceManager.BotService.Models.BotServicePrivateEndpointServiceConnectionStatus.Approved
nameWithType: BotServicePrivateEndpointServiceConnectionStatus.Approved
assembliesWithMoniker:
- value: Azure.ResourceManager.BotService.dll
packagesWithMoniker:
- value: Azure.ResourceManager.BotService v1.0.1
  monikers:
  - azure-dotnet
- value: Azure.ResourceManager.BotService v1.1.0-beta.1
  monikers:
  - azure-dotnet-preview
devLangs:
- csharp
- vb
- fsharp
monikers:
- azure-dotnet
- azure-dotnet-preview
metadata:
  api_name:
  - Azure.ResourceManager.BotService.Models.BotServicePrivateEndpointServiceConnectionStatus.Approved
  - Azure.ResourceManager.BotService.Models.BotServicePrivateEndpointServiceConnectionStatus.get_Approved
  api_location:
  - Azure.ResourceManager.BotService.dll
  topic_type:
  - apiref
  api_type:
  - Assembly
  f1_keywords:
  - Azure.ResourceManager.BotService.Models.BotServicePrivateEndpointServiceConnectionStatus.Approved
  - Azure::ResourceManager::BotService::Models::BotServicePrivateEndpointServiceConnectionStatus::Approved
  - Approved
  - BotServicePrivateEndpointServiceConnectionStatus.Approved
  - BotServicePrivateEndpointServiceConnectionStatus::Approved
  helpviewer_keywords:
  - BotServicePrivateEndpointServiceConnectionStatus.Approved property [.NET]
  - Approved property [.NET], struct BotServicePrivateEndpointServiceConnectionStatus
  monikers:
  - azure-dotnet
  - azure-dotnet-preview
