### YamlMime:NetMember
type: property
members:
- returnsWithMoniker:
    type:
    - value: <xref href="Azure.ResourceManager.AgFoodPlatform.Models.AgFoodPlatformPrivateEndpointServiceConnectionStatus?alt=Azure.ResourceManager.AgFoodPlatform.Models.AgFoodPlatformPrivateEndpointServiceConnectionStatus&text=AgFoodPlatformPrivateEndpointServiceConnectionStatus" data-throw-if-not-resolved="True"/>
  type: property
  uid: Azure.ResourceManager.AgFoodPlatform.Models.AgFoodPlatformPrivateEndpointServiceConnectionStatus.Approved
  commentId: P:Azure.ResourceManager.AgFoodPlatform.Models.AgFoodPlatformPrivateEndpointServiceConnectionStatus.Approved
  name: Approved
  fullName: Azure.ResourceManager.AgFoodPlatform.Models.AgFoodPlatformPrivateEndpointServiceConnectionStatus.Approved
  nameWithType: AgFoodPlatformPrivateEndpointServiceConnectionStatus.Approved
  syntaxWithMoniker:
  - lang: csharp
    values:
    - value: public static Azure.ResourceManager.AgFoodPlatform.Models.AgFoodPlatformPrivateEndpointServiceConnectionStatus Approved { get; }
  - lang: fsharp
    values:
    - value: 'static member Approved : Azure.ResourceManager.AgFoodPlatform.Models.AgFoodPlatformPrivateEndpointServiceConnectionStatus'
  - lang: vb
    values:
    - value: Public Shared ReadOnly Property Approved As AgFoodPlatformPrivateEndpointServiceConnectionStatus
  monikers:
  - azure-dotnet-preview
  summary: Approved.
  metadata: {}
uid: Azure.ResourceManager.AgFoodPlatform.Models.AgFoodPlatformPrivateEndpointServiceConnectionStatus.Approved*
commentId: Overload:Azure.ResourceManager.AgFoodPlatform.Models.AgFoodPlatformPrivateEndpointServiceConnectionStatus.Approved
namespace: Azure.ResourceManager.AgFoodPlatform.Models
name: Approved
fullName: Azure.ResourceManager.AgFoodPlatform.Models.AgFoodPlatformPrivateEndpointServiceConnectionStatus.Approved
nameWithType: AgFoodPlatformPrivateEndpointServiceConnectionStatus.Approved
assembliesWithMoniker:
- value: Azure.ResourceManager.AgFoodPlatform.dll
packagesWithMoniker:
- value: Azure.ResourceManager.AgFoodPlatform v1.0.0-beta.3
devLangs:
- csharp
- vb
- fsharp
monikers:
- azure-dotnet-preview
metadata:
  api_name:
  - Azure.ResourceManager.AgFoodPlatform.Models.AgFoodPlatformPrivateEndpointServiceConnectionStatus.Approved
  - Azure.ResourceManager.AgFoodPlatform.Models.AgFoodPlatformPrivateEndpointServiceConnectionStatus.get_Approved
  api_location:
  - Azure.ResourceManager.AgFoodPlatform.dll
  topic_type:
  - apiref
  api_type:
  - Assembly
  f1_keywords:
  - Azure.ResourceManager.AgFoodPlatform.Models.AgFoodPlatformPrivateEndpointServiceConnectionStatus.Approved
  - Azure::ResourceManager::AgFoodPlatform::Models::AgFoodPlatformPrivateEndpointServiceConnectionStatus::Approved
  - Approved
  - AgFoodPlatformPrivateEndpointServiceConnectionStatus.Approved
  - AgFoodPlatformPrivateEndpointServiceConnectionStatus::Approved
  helpviewer_keywords:
  - AgFoodPlatformPrivateEndpointServiceConnectionStatus.Approved property [.NET]
  - Approved property [.NET], struct AgFoodPlatformPrivateEndpointServiceConnectionStatus
  monikers:
  - azure-dotnet-preview
