### YamlMime:NetMember
type: property
members:
- returnsWithMoniker:
    type:
    - value: <xref href="Azure.ResourceManager.Cdn.Models.PrivateEndpointStatus?alt=Azure.ResourceManager.Cdn.Models.PrivateEndpointStatus&text=PrivateEndpointStatus" data-throw-if-not-resolved="True"/>
  type: property
  uid: Azure.ResourceManager.Cdn.Models.PrivateEndpointStatus.Approved
  commentId: P:Azure.ResourceManager.Cdn.Models.PrivateEndpointStatus.Approved
  name: Approved
  fullName: Azure.ResourceManager.Cdn.Models.PrivateEndpointStatus.Approved
  nameWithType: PrivateEndpointStatus.Approved
  syntaxWithMoniker:
  - lang: csharp
    values:
    - value: public static Azure.ResourceManager.Cdn.Models.PrivateEndpointStatus Approved { get; }
  - lang: fsharp
    values:
    - value: 'static member Approved : Azure.ResourceManager.Cdn.Models.PrivateEndpointStatus'
  - lang: vb
    values:
    - value: Public Shared ReadOnly Property Approved As PrivateEndpointStatus
  monikers:
  - azure-dotnet
  - azure-dotnet-preview
  summary: Approved.
  metadata: {}
uid: Azure.ResourceManager.Cdn.Models.PrivateEndpointStatus.Approved*
commentId: Overload:Azure.ResourceManager.Cdn.Models.PrivateEndpointStatus.Approved
namespace: Azure.ResourceManager.Cdn.Models
name: Approved
fullName: Azure.ResourceManager.Cdn.Models.PrivateEndpointStatus.Approved
nameWithType: PrivateEndpointStatus.Approved
assembliesWithMoniker:
- value: Azure.ResourceManager.Cdn.dll
packagesWithMoniker:
- value: Azure.ResourceManager.Cdn v1.1.0
  monikers:
  - azure-dotnet
- value: Azure.ResourceManager.Cdn v1.2.0-beta.1
  monikers:
  - azure-dotnet-preview
devLangs:
- csharp
- vb
- fsharp
monikers:
- azure-dotnet
- azure-dotnet-preview
metadata:
  api_name:
  - Azure.ResourceManager.Cdn.Models.PrivateEndpointStatus.Approved
  - Azure.ResourceManager.Cdn.Models.PrivateEndpointStatus.get_Approved
  api_location:
  - Azure.ResourceManager.Cdn.dll
  topic_type:
  - apiref
  api_type:
  - Assembly
  f1_keywords:
  - Azure.ResourceManager.Cdn.Models.PrivateEndpointStatus.Approved
  - Azure::ResourceManager::Cdn::Models::PrivateEndpointStatus::Approved
  - Approved
  - PrivateEndpointStatus.Approved
  - PrivateEndpointStatus::Approved
  helpviewer_keywords:
  - PrivateEndpointStatus.Approved property [.NET]
  - Approved property [.NET], struct PrivateEndpointStatus
  monikers:
  - azure-dotnet
  - azure-dotnet-preview
